backtesting_results/MSFT_BollingerKeltnerChaikinSMAStrategy_Strategy1Backtesting_backtesting_results.csv
type,price,quantity,date,balance,profit,Metric,Value
long,98.30999755859376,20.343810900900284,2018-05-24,98000.0,0.0,,
long,101.8499984741211,19.63704055774374,2018-07-09,98001.59499128025,0.0,,
long,109.5999984741211,18.266461124679097,2018-08-27,98098.20145822864,0.0,,
long,112.12999725341795,17.86858382456353,2018-10-05,98176.60850336807,0.0,,
long,107.72000122070312,18.580307518300867,2018-11-06,98072.06667906803,0.0,,
long,111.12000274658205,17.991696772671,2018-11-28,97962.63234494877,0.0,,
long,106.9000015258789,18.680733502327907,2019-02-14,97851.55155526612,0.0,,
long,128.07000732421875,15.623974367980686,2019-05-17,98047.16307529392,0.0,,
long,125.83000183105467,15.881671883068515,2019-06-05,97921.1493042093,0.0,,
long,140.19000244140625,14.284487008791167,2019-07-25,98124.57116319682,0.0,,
long,135.27999877929688,14.786091689681351,2019-08-07,98012.86082080258,0.0,,
long,137.52000427246094,14.553461773724484,2019-09-09,98068.2141397827,0.0,,
long,139.94000244140625,14.303284697630486,2019-10-24,98078.48307982039,0.0,,
long,178.83999633789062,11.315872029672306,2020-05-04,99162.79510498507,0.0,,
long,182.9199981689453,11.071540144865686,2020-06-04,99235.09904828554,0.0,,
long,211.6000061035156,9.58865975505802,2020-07-20,99419.06267204575,0.0,,
long,212.4600067138672,9.548131543648196,2020-10-01,99401.20850155076,0.0,,
long,222.58999633789065,9.1113877565583,2020-12-21,99377.08460090526,0.0,,
long,225.9499969482422,8.977307781958231,2021-01-22,99392.71063090776,0.0,,
long,237.7100067138672,8.539647146761864,2021-03-16,99468.01944895014,0.0,,
long,251.72000122070312,8.080673521847425,2021-05-25,99669.29029039331,0.0,,
long,294.6000061035156,6.918732354094244,2021-08-16,99874.671093493,0.0,,
long,305.2200012207031,6.682631461402718,2021-09-16,99943.96635753548,0.0,,
long,329.67999267578125,6.1780288897425715,2021-11-26,99801.8534369337,0.0,,
long,341.25,5.9731879563745895,2021-12-28,99879.16911552861,0.0,,
long,276.4100036621094,7.3623827430888324,2022-07-28,99716.7758079727,0.0,,
long,252.5099945068359,8.06405177715277,2022-12-12,99776.42982763262,0.0,,
long,265.44000244140625,7.671790495460561,2023-03-15,99783.60430440542,0.0,,
long,307.260009765625,6.632595567734679,2023-04-28,99858.63756676634,0.0,,
long,340.5400085449219,5.999195774843461,2023-06-30,100105.34284096472,0.0,,
long,348.32000732421875,5.876168583352834,2023-11-02,100292.56711559837,0.0,,
long,411.6499938964844,4.983068219124877,2024-02-22,100512.72009743753,0.0,,
long,423.260009765625,4.84902225033766,2024-04-10,100567.46304655087,0.0,,
long,415.1300048828125,4.9446132245536925,2024-05-31,100580.20829057708,0.0,,
full_exit,98.38999938964844,20.343810900900284,2018-06-25,100001.6275421227,1.627542122703744,,
full_exit,106.87000274658205,19.63704055774374,2018-08-20,100100.20556962106,98.57802749835537,,
full_exit,113.9800033569336,18.266461124679097,2018-09-26,100180.21275853885,80.00718891779252,,
full_exit,106.16000366210938,17.86858382456353,2018-10-10,100073.53742762044,-106.67533091841324,,
full_exit,101.70999908447266,18.580307518300867,2018-11-20,99961.86973974363,-111.66768787680485,,
full_exit,104.81999969482422,17.991696772671,2018-12-07,99848.52199516952,-113.3477445741155,,
full_exit,117.5199966430664,9.340366751163954,2019-03-20,100048.12558703462,199.60359186510323,,
full_exit,119.83999633789062,15.623974367980686,2019-06-03,99919.54010633603,-128.58548069858807,,
full_exit,138.89999389648438,7.9408359415342575,2019-07-15,100127.11343183348,207.5733254974475,,
full_exit,132.2100067138672,14.284487008791167,2019-08-05,100013.12328653324,-113.99014530023851,,
full_exit,139.10000610351562,14.786091689681351,2019-09-06,100069.6062650844,56.48297855115379,,
full_exit,138.24000549316406,14.553461773724484,2019-10-09,100080.08477532693,10.478510242537595,,
full_exit,155.52999877929688,7.151642348815243,2019-12-16,100295.92128903398,215.83651370705047,,
full_exit,160.9199981689453,13.317743266556386,2020-03-10,100433.09408532204,137.1727962880541,,
full_exit,158.8300018310547,14.444570091841685,2020-03-13,100718.66329775161,285.5692124295747,,
full_exit,146.57000732421875,14.87500585727353,2020-03-17,100884.51974924497,165.85645149335323,,
full_exit,148.33999633789062,14.838141332403872,2020-03-24,101067.91918516997,183.3994359250064,,
full_exit,165.27000427246094,12.94829527769129,2020-04-06,101186.5256173317,118.60643216173048,,
full_exit,185.36000061035156,11.315872029672306,2020-06-03,101260.30515131178,73.77953398007958,,
full_exit,197.83999633789065,5.535770072432843,2020-06-24,101448.02313474056,187.71798342878174,,
full_exit,209.6999969482422,9.58865975505802,2020-08-19,101429.80459341915,-18.218541321417433,,
full_exit,202.3300018310547,9.548131543648196,2020-11-02,101333.08197426025,-96.72261915889976,,
full_exit,218.58999633789065,9.601391045596612,2020-12-18,101405.18836827067,72.10639401042135,,
full_exit,224.33999633789065,9.1113877565583,2021-01-20,101421.13329684465,15.944928573982907,,
full_exit,234.5099945068359,8.977307781958231,2021-02-22,101497.97902954096,76.84573269631073,,
full_exit,261.9700012207031,4.269823573380932,2021-04-27,101703.35743917685,205.37840963588678,,
full_exit,277.6600036621094,4.040336760923712,2021-07-06,101912.92968723776,209.57224806091108,,
full_exit,304.82000732421875,6.918732354094244,2021-09-15,101983.63914034232,70.70945310455863,,
full_exit,283.5199890136719,6.682631461402718,2021-09-28,101838.62595605479,-145.0131842875271,,
full_exit,342.45001220703125,6.1780288897425715,2021-12-27,101917.51950564144,78.89354958664626,,
full_exit,316.3800048828125,5.9731879563745895,2022-01-05,101768.96635033235,-148.5531553090841,,
full_exit,300.95001220703125,6.484577849317158,2022-02-07,101685.12080623515,-83.84554409720295,,
full_exit,273.239990234375,7.249759360376936,2022-05-27,101632.3425669414,-52.77823929375154,,
full_exit,258.8599853515625,8.313823901466845,2022-06-23,101751.81204895175,119.46948201034684,,
full_exit,265.2300109863281,7.3623827430888324,2022-08-29,101669.5006638077,-82.31138514404302,,
full_exit,237.5,1.9331007375719529,2022-09-29,101475.24338956704,-194.2572742406628,,
full_exit,248.8800048828125,8.714061489814302,2022-10-04,101614.4941879098,139.25079834276403,,
full_exit,242.97999572753903,9.179682412760421,2022-11-10,101812.68349758431,198.18930967450433,,
full_exit,238.19000244140625,8.06405177715277,2022-12-22,101697.20634012026,-115.4771574640472,,
full_exit,238.5099945068359,9.04256521154195,2023-01-12,101820.00439225043,122.79805213016516,,
full_exit,275.4200134277344,7.671790495460561,2023-04-25,101896.56894567993,76.56455342950358,,
full_exit,342.3299865722656,3.3162977838673395,2023-06-16,102148.30902139258,251.7400757126452,,
full_exit,335.9200134277344,5.999195774843461,2023-07-31,102120.59276620574,-27.71625518683868,,
full_exit,333.54998779296875,6.445379398676268,2023-09-05,102228.03713063114,107.44436442540609,,
full_exit,329.82000732421875,6.536528299365386,2023-10-09,102339.35419959018,111.31706895903335,,
full_exit,388.4700012207031,2.938084291676417,2024-01-12,102564.00009942605,224.64589983587211,,
full_exit,422.8599853515625,4.983068219124877,2024-03-25,102619.86025158252,55.860152156470576,,
full_exit,399.1199951171875,4.84902225033766,2024-04-19,102502.80478342877,-117.05546815374692,,
full_exit,423.0799865722656,5.1529663043919705,2024-05-15,102632.86560262968,130.06081920090946,,
partial_exit,117.6500015258789,9.340366751163954,2019-03-19,98950.44571779283,0.0,,
partial_exit,138.89999389648438,7.9408359415342575,2019-07-12,99024.1313680214,0.0,,
partial_exit,154.52999877929688,7.151642348815243,2019-12-13,99183.62636325278,0.0,,
partial_exit,201.91000366210935,5.535770072432843,2020-06-23,100352.82640388305,0.0,,
partial_exit,261.54998779296875,4.269823573380932,2021-04-26,100584.79175244606,0.0,,
partial_exit,277.6499938964844,4.040336760923712,2021-07-02,100791.08976740352,0.0,,
partial_exit,236.41000366210935,3.8662014751439058,2022-09-27,100550.11935542877,0.0,,
partial_exit,241.07000732421875,1.9331007375719529,2022-09-28,101016.1319643937,0.0,,
partial_exit,348.1000061035156,3.3162977838673395,2023-06-15,101013.04084557164,0.0,,
partial_exit,384.6300048828125,2.938084291676417,2024-01-11,101422.64249105199,0.0,,
short,150.6199951171875,13.317743266556386,2020-03-09,98290.0028632533,0.0,,
short,139.05999755859375,14.444570091841685,2020-03-12,98424.4322036156,0.0,,
short,135.4199981689453,14.87500585727353,2020-03-16,98704.29003179658,0.0,,
short,135.97999572753906,14.838141332403872,2020-03-23,98866.82935426007,0.0,,
short,156.11000061035156,12.94829527769129,2020-03-26,99046.56080146658,0.0,,
short,211.0800018310547,9.601391045596612,2020-11-18,99306.42033477504,0.0,,
short,313.8800048828125,6.484577849317158,2022-01-06,99733.5870233257,0.0,,
short,280.5199890136719,7.249759360376936,2022-04-18,99651.41839011044,0.0,,
short,244.4900054931641,8.313823901466845,2022-06-14,99599.69571560257,0.0,,
short,262.9700012207031,7.7324029502878115,2022-08-30,99636.11065053155,0.0,,
short,232.8999938964844,8.714061489814302,2022-09-30,99445.7385217757,0.0,,
short,221.38999938964844,9.179682412760421,2022-11-04,99582.20430415162,0.0,,
short,224.92999267578125,9.04256521154195,2023-01-06,99663.26221331785,0.0,,
short,316.8800048828125,6.445379398676268,2023-08-17,100078.18091088162,0.0,,
short,312.7900085449219,6.536528299365386,2023-09-27,100183.47638801852,0.0,,
short,397.8399963378906,5.1529663043919705,2024-05-02,100452.74868776019,0.0,,
